/app/backend/.venv/bin/python3: No module named pytest
